==========================================
TEIRV NPE Resume Training (Phase 2)
==========================================
Job ID: 2096895
Node: gina3
Start time: Tue Jul  8 09:55:13 AEST 2025
Using existing data: workflows/production_run_20250704_134546/training_data.pkl
Phase 2 config: 500 epochs, 100k samples, 50 epoch patience
==========================================
✅ Training data found: 6.5M bytes

🧠 Step 1: Training NPE model with Phase 2 optimizations...
==========================================
Traceback (most recent call last):
  File "/fred/oz022/tkimpson/NPE_LV/scripts/TEIRV_workflow.py", line 22, in <module>
    import numpy as np
ModuleNotFoundError: No module named 'numpy'

real	0m0.046s
user	0m0.015s
sys	0m0.017s
❌ Training failed with exit code 1
Check logs for details
==========================================
Job completed at Tue Jul  8 09:55:13 AEST 2025
==========================================
